warning: virtual workspace defaulting to `resolver = "1"` despite one or more workspace members being on edition 2021 which implies `resolver = "2"`
  |
  = note: to keep the current resolver, specify `workspace.resolver = "1"` in the workspace root's manifest
  = note: to use the edition 2021 resolver, specify `workspace.resolver = "2"` in the workspace root's manifest
  = note: for more details see https://doc.rust-lang.org/cargo/reference/resolver.html#resolver-versions
    Updating crates.io index
     Locking 58 packages to latest compatible versions
 Downloading crates ...
  Downloaded quote v1.0.45
  Downloaded once_cell v1.21.4
  Downloaded unicode-ident v1.0.24
  Downloaded syn v2.0.117
  Downloaded libc v0.2.183
       Fresh target-lexicon v0.13.5
   Compiling unicode-ident v1.0.24
   Compiling libc v0.2.183
   Compiling quote v1.0.45
       Fresh heck v0.5.0
       Fresh cfg-if v1.0.4
       Fresh rand_core v0.10.0
       Fresh cpufeatures v0.3.0
       Fresh either v1.15.0
   Compiling once_cell v1.21.4
     Running `/home/nccu/.rustup/toolchains/stable-x86_64-unknown-linux-gnu/bin/rustc --crate-name unicode_ident --edition=2021 /home/nccu/.cargo/registry/src/index.crates.io-1949cf8c6b5b557f/unicode-ident-1.0.24/src/lib.rs --error-format=json --json=diagnostic-rendered-ansi,artifacts,future-incompat --crate-type lib --emit=dep-info,metadata,link -C embed-bitcode=no --check-cfg 'cfg(docsrs,test)' --check-cfg 'cfg(feature, values())' -C metadata=c1f03dfeaa65840d -C extra-filename=-a43390fd6bef71db --out-dir /home/nccu/Documents/.homejupyter/QC_atNCTS/qurry/target/debug/deps -L dependency=/home/nccu/Documents/.homejupyter/QC_atNCTS/qurry/target/debug/deps --cap-lints allow`
     Running `/home/nccu/.rustup/toolchains/stable-x86_64-unknown-linux-gnu/bin/rustc --crate-name build_script_build --edition=2021 /home/nccu/.cargo/registry/src/index.crates.io-1949cf8c6b5b557f/libc-0.2.183/build.rs --error-format=json --json=diagnostic-rendered-ansi,artifacts,future-incompat --crate-type bin --emit=dep-info,link -C embed-bitcode=no '--allow=clippy::used_underscore_binding' --allow=unused_qualifications '--warn=clippy::unnecessary_semicolon' '--allow=clippy::unnecessary_cast' '--allow=clippy::uninlined_format_args' '--warn=clippy::ptr_as_ptr' '--allow=clippy::non_minimal_cfg' '--allow=clippy::missing_safety_doc' '--warn=clippy::map_unwrap_or' '--warn=clippy::manual_assert' '--allow=clippy::identity_op' '--warn=clippy::explicit_iter_loop' '--allow=clippy::expl_impl_clone_on_copy' --cfg 'feature="default"' --cfg 'feature="std"' --check-cfg 'cfg(docsrs,test)' --check-cfg 'cfg(feature, values("align", "const-extern-fn", "default", "extra_traits", "rustc-dep-of-std", "rustc-std-workspace-core", "std", "use_std"))' -C metadata=181ff86f0f946f53 -C extra-filename=-c018d0aaa957646f --out-dir /home/nccu/Documents/.homejupyter/QC_atNCTS/qurry/target/debug/build/libc-c018d0aaa957646f -L dependency=/home/nccu/Documents/.homejupyter/QC_atNCTS/qurry/target/debug/deps --cap-lints allow`
     Running `/home/nccu/.rustup/toolchains/stable-x86_64-unknown-linux-gnu/bin/rustc --crate-name build_script_build --edition=2021 /home/nccu/.cargo/registry/src/index.crates.io-1949cf8c6b5b557f/quote-1.0.45/build.rs --error-format=json --json=diagnostic-rendered-ansi,artifacts,future-incompat --crate-type bin --emit=dep-info,link -C embed-bitcode=no --cfg 'feature="default"' --cfg 'feature="proc-macro"' --check-cfg 'cfg(docsrs,test)' --check-cfg 'cfg(feature, values("default", "proc-macro"))' -C metadata=5b104ccfbb3ac695 -C extra-filename=-76885401fd60bb49 --out-dir /home/nccu/Documents/.homejupyter/QC_atNCTS/qurry/target/debug/build/quote-76885401fd60bb49 -L dependency=/home/nccu/Documents/.homejupyter/QC_atNCTS/qurry/target/debug/deps --cap-lints allow`
       Fresh pyo3-build-config v0.28.2
       Fresh chacha20 v0.10.0
     Running `/home/nccu/.rustup/toolchains/stable-x86_64-unknown-linux-gnu/bin/rustc --crate-name once_cell --edition=2021 /home/nccu/.cargo/registry/src/index.crates.io-1949cf8c6b5b557f/once_cell-1.21.4/src/lib.rs --error-format=json --json=diagnostic-rendered-ansi,artifacts,future-incompat --crate-type lib --emit=dep-info,metadata,link -C embed-bitcode=no -C debuginfo=2 --cfg 'feature="alloc"' --cfg 'feature="default"' --cfg 'feature="race"' --cfg 'feature="std"' --check-cfg 'cfg(docsrs,test)' --check-cfg 'cfg(feature, values("alloc", "atomic-polyfill", "critical-section", "default", "parking_lot", "portable-atomic", "race", "std", "unstable"))' -C metadata=e6bd64e0d129ac3d -C extra-filename=-f5f00a1259dc72aa --out-dir /home/nccu/Documents/.homejupyter/QC_atNCTS/qurry/target/debug/deps -L dependency=/home/nccu/Documents/.homejupyter/QC_atNCTS/qurry/target/debug/deps --cap-lints allow`
       Fresh crossbeam-utils v0.8.21
       Fresh crossbeam-epoch v0.9.18
       Fresh crossbeam-deque v0.8.6
       Fresh rayon-core v1.13.0
       Fresh rayon v1.11.0
   Compiling proc-macro2 v1.0.106
     Running `/home/nccu/.rustup/toolchains/stable-x86_64-unknown-linux-gnu/bin/rustc --crate-name proc_macro2 --edition=2021 /home/nccu/.cargo/registry/src/index.crates.io-1949cf8c6b5b557f/proc-macro2-1.0.106/src/lib.rs --error-format=json --json=diagnostic-rendered-ansi,artifacts,future-incompat --crate-type lib --emit=dep-info,metadata,link -C embed-bitcode=no --cfg 'feature="proc-macro"' --check-cfg 'cfg(docsrs,test)' --check-cfg 'cfg(feature, values("default", "nightly", "proc-macro", "span-locations"))' -C metadata=e000fef04638fd11 -C extra-filename=-82f14c7fc828efe1 --out-dir /home/nccu/Documents/.homejupyter/QC_atNCTS/qurry/target/debug/deps -L dependency=/home/nccu/Documents/.homejupyter/QC_atNCTS/qurry/target/debug/deps --extern unicode_ident=/home/nccu/Documents/.homejupyter/QC_atNCTS/qurry/target/debug/deps/libunicode_ident-a43390fd6bef71db.rmeta --cap-lints allow --cfg wrap_proc_macro --cfg proc_macro_span_location --cfg proc_macro_span_file --check-cfg 'cfg(fuzzing)' --check-cfg 'cfg(no_is_available)' --check-cfg 'cfg(no_literal_byte_character)' --check-cfg 'cfg(no_literal_c_string)' --check-cfg 'cfg(no_source_text)' --check-cfg 'cfg(proc_macro_span)' --check-cfg 'cfg(proc_macro_span_file)' --check-cfg 'cfg(proc_macro_span_location)' --check-cfg 'cfg(procmacro2_backtrace)' --check-cfg 'cfg(procmacro2_build_probe)' --check-cfg 'cfg(procmacro2_nightly_testing)' --check-cfg 'cfg(procmacro2_semver_exempt)' --check-cfg 'cfg(randomize_layout)' --check-cfg 'cfg(span_locations)' --check-cfg 'cfg(super_unstable)' --check-cfg 'cfg(wrap_proc_macro)'`
     Running `/home/nccu/Documents/.homejupyter/QC_atNCTS/qurry/target/debug/build/quote-76885401fd60bb49/build-script-build`
     Running `/home/nccu/Documents/.homejupyter/QC_atNCTS/qurry/target/debug/build/libc-c018d0aaa957646f/build-script-build`
     Running `/home/nccu/.rustup/toolchains/stable-x86_64-unknown-linux-gnu/bin/rustc --crate-name libc --edition=2021 /home/nccu/.cargo/registry/src/index.crates.io-1949cf8c6b5b557f/libc-0.2.183/src/lib.rs --error-format=json --json=diagnostic-rendered-ansi,artifacts,future-incompat --crate-type lib --emit=dep-info,metadata,link -C embed-bitcode=no -C debuginfo=2 '--allow=clippy::used_underscore_binding' --allow=unused_qualifications '--warn=clippy::unnecessary_semicolon' '--allow=clippy::unnecessary_cast' '--allow=clippy::uninlined_format_args' '--warn=clippy::ptr_as_ptr' '--allow=clippy::non_minimal_cfg' '--allow=clippy::missing_safety_doc' '--warn=clippy::map_unwrap_or' '--warn=clippy::manual_assert' '--allow=clippy::identity_op' '--warn=clippy::explicit_iter_loop' '--allow=clippy::expl_impl_clone_on_copy' --cfg 'feature="default"' --cfg 'feature="std"' --check-cfg 'cfg(docsrs,test)' --check-cfg 'cfg(feature, values("align", "const-extern-fn", "default", "extra_traits", "rustc-dep-of-std", "rustc-std-workspace-core", "std", "use_std"))' -C metadata=35aad6aa3604bb72 -C extra-filename=-13da9567e4bf82a2 --out-dir /home/nccu/Documents/.homejupyter/QC_atNCTS/qurry/target/debug/deps -L dependency=/home/nccu/Documents/.homejupyter/QC_atNCTS/qurry/target/debug/deps --cap-lints allow --cfg freebsd12 --check-cfg 'cfg(emscripten_old_stat_abi)' --check-cfg 'cfg(espidf_time32)' --check-cfg 'cfg(freebsd10)' --check-cfg 'cfg(freebsd11)' --check-cfg 'cfg(freebsd12)' --check-cfg 'cfg(freebsd13)' --check-cfg 'cfg(freebsd14)' --check-cfg 'cfg(freebsd15)' --check-cfg 'cfg(gnu_file_offset_bits64)' --check-cfg 'cfg(gnu_time_bits64)' --check-cfg 'cfg(libc_deny_warnings)' --check-cfg 'cfg(linux_time_bits64)' --check-cfg 'cfg(musl_v1_2_3)' --check-cfg 'cfg(musl32_time64)' --check-cfg 'cfg(vxworks_lt_25_09)' --check-cfg 'cfg(target_os,values("switch","aix","ohos","hurd","rtems","visionos","nuttx","cygwin","qurt"))' --check-cfg 'cfg(target_env,values("illumos","wasi","aix","ohos","nto71_iosock","nto80"))' --check-cfg 'cfg(target_arch,values("loongarch64","mips32r6","mips64r6","csky"))'`
     Running `/home/nccu/.rustup/toolchains/stable-x86_64-unknown-linux-gnu/bin/rustc --crate-name quote --edition=2021 /home/nccu/.cargo/registry/src/index.crates.io-1949cf8c6b5b557f/quote-1.0.45/src/lib.rs --error-format=json --json=diagnostic-rendered-ansi,artifacts,future-incompat --crate-type lib --emit=dep-info,metadata,link -C embed-bitcode=no --cfg 'feature="default"' --cfg 'feature="proc-macro"' --check-cfg 'cfg(docsrs,test)' --check-cfg 'cfg(feature, values("default", "proc-macro"))' -C metadata=ca9adaa595778622 -C extra-filename=-76c33d3c988a8760 --out-dir /home/nccu/Documents/.homejupyter/QC_atNCTS/qurry/target/debug/deps -L dependency=/home/nccu/Documents/.homejupyter/QC_atNCTS/qurry/target/debug/deps --extern proc_macro2=/home/nccu/Documents/.homejupyter/QC_atNCTS/qurry/target/debug/deps/libproc_macro2-82f14c7fc828efe1.rmeta --cap-lints allow --check-cfg 'cfg(no_diagnostic_namespace)'`
   Compiling syn v2.0.117
     Running `/home/nccu/.rustup/toolchains/stable-x86_64-unknown-linux-gnu/bin/rustc --crate-name syn --edition=2021 /home/nccu/.cargo/registry/src/index.crates.io-1949cf8c6b5b557f/syn-2.0.117/src/lib.rs --error-format=json --json=diagnostic-rendered-ansi,artifacts,future-incompat --crate-type lib --emit=dep-info,metadata,link -C embed-bitcode=no --cfg 'feature="clone-impls"' --cfg 'feature="default"' --cfg 'feature="derive"' --cfg 'feature="extra-traits"' --cfg 'feature="full"' --cfg 'feature="parsing"' --cfg 'feature="printing"' --cfg 'feature="proc-macro"' --cfg 'feature="visit-mut"' --check-cfg 'cfg(docsrs,test)' --check-cfg 'cfg(feature, values("clone-impls", "default", "derive", "extra-traits", "fold", "full", "parsing", "printing", "proc-macro", "test", "visit", "visit-mut"))' -C metadata=1a4b8212b4c261f4 -C extra-filename=-85206cdfb0f2419b --out-dir /home/nccu/Documents/.homejupyter/QC_atNCTS/qurry/target/debug/deps -L dependency=/home/nccu/Documents/.homejupyter/QC_atNCTS/qurry/target/debug/deps --extern proc_macro2=/home/nccu/Documents/.homejupyter/QC_atNCTS/qurry/target/debug/deps/libproc_macro2-82f14c7fc828efe1.rmeta --extern quote=/home/nccu/Documents/.homejupyter/QC_atNCTS/qurry/target/debug/deps/libquote-76c33d3c988a8760.rmeta --extern unicode_ident=/home/nccu/Documents/.homejupyter/QC_atNCTS/qurry/target/debug/deps/libunicode_ident-a43390fd6bef71db.rmeta --cap-lints allow`
   Compiling pyo3-ffi v0.28.2
   Compiling getrandom v0.4.2
     Running `/home/nccu/.rustup/toolchains/stable-x86_64-unknown-linux-gnu/bin/rustc --crate-name pyo3_ffi --edition=2021 /home/nccu/.cargo/registry/src/index.crates.io-1949cf8c6b5b557f/pyo3-ffi-0.28.2/src/lib.rs --error-format=json --json=diagnostic-rendered-ansi,artifacts,future-incompat --crate-type lib --emit=dep-info,metadata,link -C embed-bitcode=no -C debuginfo=2 --warn=rust_2018_idioms '--warn=clippy::useless_transmute' '--warn=clippy::used_underscore_binding' --warn=unused_lifetimes --warn=unsafe_op_in_unsafe_fn '--warn=clippy::unnecessary_wraps' '--allow=clippy::undocumented_unsafe_blocks' '--warn=clippy::todo' --warn=rust_2021_prelude_collisions '--warn=clippy::manual_ok_or' '--warn=clippy::manual_assert' '--warn=clippy::let_unit_value' --warn=invalid_doc_attributes '--warn=clippy::flat_map_option' '--warn=clippy::filter_map_next' '--warn=clippy::explicit_iter_loop' '--warn=clippy::explicit_into_iter_loop' --warn=elided_lifetimes_in_paths '--warn=clippy::dbg_macro' '--warn=clippy::checked_conversions' '--warn=rustdoc::broken_intra_doc_links' '--warn=rustdoc::bare_urls' --cfg 'feature="abi3"' --cfg 'feature="abi3-py310"' --cfg 'feature="abi3-py311"' --cfg 'feature="abi3-py312"' --cfg 'feature="abi3-py313"' --cfg 'feature="abi3-py314"' --cfg 'feature="default"' --check-cfg 'cfg(docsrs,test)' --check-cfg 'cfg(feature, values("abi3", "abi3-py310", "abi3-py311", "abi3-py312", "abi3-py313", "abi3-py314", "abi3-py37", "abi3-py38", "abi3-py39", "default", "extension-module", "generate-import-lib"))' -C metadata=a4e0f7604ab6ddfd -C extra-filename=-28e1e6416f02ea48 --out-dir /home/nccu/Documents/.homejupyter/QC_atNCTS/qurry/target/debug/deps -L dependency=/home/nccu/Documents/.homejupyter/QC_atNCTS/qurry/target/debug/deps --extern libc=/home/nccu/Documents/.homejupyter/QC_atNCTS/qurry/target/debug/deps/liblibc-13da9567e4bf82a2.rmeta --cap-lints allow -L native=/usr/lib/x86_64-linux-gnu -l python3.12 --cfg Py_3_7 --cfg Py_3_8 --cfg Py_3_9 --cfg Py_3_10 --cfg Py_LIMITED_API --cfg fn_ptr_eq --cfg from_bytes_with_nul_error --check-cfg 'cfg(Py_LIMITED_API)' --check-cfg 'cfg(Py_GIL_DISABLED)' --check-cfg 'cfg(PyPy)' --check-cfg 'cfg(GraalPy)' --check-cfg 'cfg(py_sys_config, values("Py_DEBUG", "Py_REF_DEBUG", "Py_TRACE_REFS", "COUNT_ALLOCS"))' --check-cfg 'cfg(pyo3_disable_reference_pool)' --check-cfg 'cfg(pyo3_leak_on_drop_without_reference_pool)' --check-cfg 'cfg(Py_3_7)' --check-cfg 'cfg(Py_3_8)' --check-cfg 'cfg(Py_3_9)' --check-cfg 'cfg(Py_3_10)' --check-cfg 'cfg(Py_3_11)' --check-cfg 'cfg(Py_3_12)' --check-cfg 'cfg(Py_3_13)' --check-cfg 'cfg(Py_3_14)' --check-cfg 'cfg(Py_3_15)' --check-cfg 'cfg(fn_ptr_eq)' --check-cfg 'cfg(from_bytes_with_nul_error)'`
     Running `/home/nccu/.rustup/toolchains/stable-x86_64-unknown-linux-gnu/bin/rustc --crate-name getrandom --edition=2024 /home/nccu/.cargo/registry/src/index.crates.io-1949cf8c6b5b557f/getrandom-0.4.2/src/lib.rs --error-format=json --json=diagnostic-rendered-ansi,artifacts,future-incompat --crate-type lib --emit=dep-info,metadata,link -C embed-bitcode=no -C debuginfo=2 '--warn=clippy::useless_conversion' --warn=unused_lifetimes '--warn=clippy::unnecessary_cast' --warn=unexpected_cfgs '--warn=clippy::ptr_as_ptr' --warn=missing_docs '--warn=clippy::fn_to_numeric_cast_with_truncation' '--warn=clippy::fn_to_numeric_cast' '--warn=clippy::checked_conversions' '--warn=clippy::char_lit_as_u8' '--warn=clippy::cast_sign_loss' '--warn=clippy::cast_ptr_alignment' '--warn=clippy::cast_precision_loss' '--warn=clippy::cast_possible_wrap' '--warn=clippy::cast_possible_truncation' '--warn=clippy::cast_lossless' --check-cfg 'cfg(getrandom_backend, values("custom", "efi_rng", "rdrand", "rndr", "linux_getrandom", "linux_raw", "windows_legacy", "unsupported", "extern_impl"))' --check-cfg 'cfg(getrandom_msan)' --check-cfg 'cfg(getrandom_test_linux_fallback)' --check-cfg 'cfg(getrandom_test_linux_without_fallback)' --check-cfg 'cfg(getrandom_test_netbsd_fallback)' --check-cfg 'cfg(target_os, values("cygwin"))' --check-cfg 'cfg(target_os, values("motor"))' --cfg 'feature="std"' --cfg 'feature="sys_rng"' --check-cfg 'cfg(docsrs,test)' --check-cfg 'cfg(feature, values("std", "sys_rng", "wasm_js"))' -C metadata=0ec1968533713e6f -C extra-filename=-5a6f3c56effd3a6a --out-dir /home/nccu/Documents/.homejupyter/QC_atNCTS/qurry/target/debug/deps -L dependency=/home/nccu/Documents/.homejupyter/QC_atNCTS/qurry/target/debug/deps --extern cfg_if=/home/nccu/Documents/.homejupyter/QC_atNCTS/qurry/target/debug/deps/libcfg_if-240b169be3bd5d4e.rmeta --extern libc=/home/nccu/Documents/.homejupyter/QC_atNCTS/qurry/target/debug/deps/liblibc-13da9567e4bf82a2.rmeta --extern rand_core=/home/nccu/Documents/.homejupyter/QC_atNCTS/qurry/target/debug/deps/librand_core-eb44f3fbece6614c.rmeta --cap-lints allow`
   Compiling rand v0.10.0
     Running `/home/nccu/.rustup/toolchains/stable-x86_64-unknown-linux-gnu/bin/rustc --crate-name rand --edition=2024 /home/nccu/.cargo/registry/src/index.crates.io-1949cf8c6b5b557f/rand-0.10.0/src/lib.rs --error-format=json --json=diagnostic-rendered-ansi,artifacts,future-incompat --crate-type lib --emit=dep-info,metadata,link -C embed-bitcode=no -C debuginfo=2 --cfg 'feature="alloc"' --cfg 'feature="default"' --cfg 'feature="std"' --cfg 'feature="std_rng"' --cfg 'feature="sys_rng"' --cfg 'feature="thread_rng"' --check-cfg 'cfg(docsrs,test)' --check-cfg 'cfg(feature, values("alloc", "chacha", "default", "log", "serde", "simd_support", "std", "std_rng", "sys_rng", "thread_rng", "unbiased"))' -C metadata=570ad9dd41b9ba76 -C extra-filename=-13525a8c9ec32e17 --out-dir /home/nccu/Documents/.homejupyter/QC_atNCTS/qurry/target/debug/deps -L dependency=/home/nccu/Documents/.homejupyter/QC_atNCTS/qurry/target/debug/deps --extern chacha20=/home/nccu/Documents/.homejupyter/QC_atNCTS/qurry/target/debug/deps/libchacha20-6ed39ceb90b32ca4.rmeta --extern getrandom=/home/nccu/Documents/.homejupyter/QC_atNCTS/qurry/target/debug/deps/libgetrandom-5a6f3c56effd3a6a.rmeta --extern rand_core=/home/nccu/Documents/.homejupyter/QC_atNCTS/qurry/target/debug/deps/librand_core-eb44f3fbece6614c.rmeta --cap-lints allow`
   Compiling pyo3-macros-backend v0.28.2
     Running `/home/nccu/.rustup/toolchains/stable-x86_64-unknown-linux-gnu/bin/rustc --crate-name pyo3_macros_backend --edition=2021 /home/nccu/.cargo/registry/src/index.crates.io-1949cf8c6b5b557f/pyo3-macros-backend-0.28.2/src/lib.rs --error-format=json --json=diagnostic-rendered-ansi,artifacts,future-incompat --crate-type lib --emit=dep-info,metadata,link -C embed-bitcode=no --warn=rust_2018_idioms '--warn=clippy::useless_transmute' '--warn=clippy::used_underscore_binding' --warn=unused_lifetimes --warn=unsafe_op_in_unsafe_fn '--warn=clippy::unnecessary_wraps' '--allow=clippy::undocumented_unsafe_blocks' '--warn=clippy::todo' --warn=rust_2021_prelude_collisions '--warn=clippy::manual_ok_or' '--warn=clippy::manual_assert' '--warn=clippy::let_unit_value' --warn=invalid_doc_attributes '--warn=clippy::flat_map_option' '--warn=clippy::filter_map_next' '--warn=clippy::explicit_iter_loop' '--warn=clippy::explicit_into_iter_loop' --warn=elided_lifetimes_in_paths '--warn=clippy::dbg_macro' '--warn=clippy::checked_conversions' '--warn=rustdoc::broken_intra_doc_links' '--warn=rustdoc::bare_urls' --check-cfg 'cfg(docsrs,test)' --check-cfg 'cfg(feature, values("experimental-async", "experimental-inspect"))' -C metadata=6f45012109a706ca -C extra-filename=-51bdd66c1b6a4fd5 --out-dir /home/nccu/Documents/.homejupyter/QC_atNCTS/qurry/target/debug/deps -L dependency=/home/nccu/Documents/.homejupyter/QC_atNCTS/qurry/target/debug/deps --extern heck=/home/nccu/Documents/.homejupyter/QC_atNCTS/qurry/target/debug/deps/libheck-f2569b767cf4326e.rmeta --extern proc_macro2=/home/nccu/Documents/.homejupyter/QC_atNCTS/qurry/target/debug/deps/libproc_macro2-82f14c7fc828efe1.rmeta --extern pyo3_build_config=/home/nccu/Documents/.homejupyter/QC_atNCTS/qurry/target/debug/deps/libpyo3_build_config-cddb46933bc6e599.rmeta --extern quote=/home/nccu/Documents/.homejupyter/QC_atNCTS/qurry/target/debug/deps/libquote-76c33d3c988a8760.rmeta --extern syn=/home/nccu/Documents/.homejupyter/QC_atNCTS/qurry/target/debug/deps/libsyn-85206cdfb0f2419b.rmeta --cap-lints allow --cfg fn_ptr_eq --cfg from_bytes_with_nul_error --check-cfg 'cfg(Py_LIMITED_API)' --check-cfg 'cfg(Py_GIL_DISABLED)' --check-cfg 'cfg(PyPy)' --check-cfg 'cfg(GraalPy)' --check-cfg 'cfg(py_sys_config, values("Py_DEBUG", "Py_REF_DEBUG", "Py_TRACE_REFS", "COUNT_ALLOCS"))' --check-cfg 'cfg(pyo3_disable_reference_pool)' --check-cfg 'cfg(pyo3_leak_on_drop_without_reference_pool)' --check-cfg 'cfg(Py_3_7)' --check-cfg 'cfg(Py_3_8)' --check-cfg 'cfg(Py_3_9)' --check-cfg 'cfg(Py_3_10)' --check-cfg 'cfg(Py_3_11)' --check-cfg 'cfg(Py_3_12)' --check-cfg 'cfg(Py_3_13)' --check-cfg 'cfg(Py_3_14)' --check-cfg 'cfg(Py_3_15)' --check-cfg 'cfg(fn_ptr_eq)' --check-cfg 'cfg(from_bytes_with_nul_error)'`
   Compiling pyo3-macros v0.28.2
     Running `/home/nccu/.rustup/toolchains/stable-x86_64-unknown-linux-gnu/bin/rustc --crate-name pyo3_macros --edition=2021 /home/nccu/.cargo/registry/src/index.crates.io-1949cf8c6b5b557f/pyo3-macros-0.28.2/src/lib.rs --error-format=json --json=diagnostic-rendered-ansi,artifacts,future-incompat --crate-type proc-macro --emit=dep-info,link -C prefer-dynamic -C embed-bitcode=no --warn=rust_2018_idioms '--warn=clippy::useless_transmute' '--warn=clippy::used_underscore_binding' --warn=unused_lifetimes --warn=unsafe_op_in_unsafe_fn '--warn=clippy::unnecessary_wraps' '--allow=clippy::undocumented_unsafe_blocks' '--warn=clippy::todo' --warn=rust_2021_prelude_collisions '--warn=clippy::manual_ok_or' '--warn=clippy::manual_assert' '--warn=clippy::let_unit_value' --warn=invalid_doc_attributes '--warn=clippy::flat_map_option' '--warn=clippy::filter_map_next' '--warn=clippy::explicit_iter_loop' '--warn=clippy::explicit_into_iter_loop' --warn=elided_lifetimes_in_paths '--warn=clippy::dbg_macro' '--warn=clippy::checked_conversions' '--warn=rustdoc::broken_intra_doc_links' '--warn=rustdoc::bare_urls' --check-cfg 'cfg(docsrs,test)' --check-cfg 'cfg(feature, values("experimental-async", "experimental-inspect", "multiple-pymethods"))' -C metadata=d453a51e78136cdd -C extra-filename=-51e37790fcce2af1 --out-dir /home/nccu/Documents/.homejupyter/QC_atNCTS/qurry/target/debug/deps -L dependency=/home/nccu/Documents/.homejupyter/QC_atNCTS/qurry/target/debug/deps --extern proc_macro2=/home/nccu/Documents/.homejupyter/QC_atNCTS/qurry/target/debug/deps/libproc_macro2-82f14c7fc828efe1.rlib --extern pyo3_macros_backend=/home/nccu/Documents/.homejupyter/QC_atNCTS/qurry/target/debug/deps/libpyo3_macros_backend-51bdd66c1b6a4fd5.rlib --extern quote=/home/nccu/Documents/.homejupyter/QC_atNCTS/qurry/target/debug/deps/libquote-76c33d3c988a8760.rlib --extern syn=/home/nccu/Documents/.homejupyter/QC_atNCTS/qurry/target/debug/deps/libsyn-85206cdfb0f2419b.rlib --extern proc_macro --cap-lints allow`
   Compiling pyo3 v0.28.2
     Running `/home/nccu/.rustup/toolchains/stable-x86_64-unknown-linux-gnu/bin/rustc --crate-name pyo3 --edition=2021 /home/nccu/.cargo/registry/src/index.crates.io-1949cf8c6b5b557f/pyo3-0.28.2/src/lib.rs --error-format=json --json=diagnostic-rendered-ansi,artifacts,future-incompat --crate-type lib --emit=dep-info,metadata,link -C embed-bitcode=no -C debuginfo=2 --warn=rust_2018_idioms '--warn=clippy::useless_transmute' '--warn=clippy::used_underscore_binding' --warn=unused_lifetimes --warn=unsafe_op_in_unsafe_fn '--warn=clippy::unnecessary_wraps' '--allow=clippy::undocumented_unsafe_blocks' '--warn=clippy::todo' --warn=rust_2021_prelude_collisions '--warn=clippy::manual_ok_or' '--warn=clippy::manual_assert' '--warn=clippy::let_unit_value' --warn=invalid_doc_attributes '--warn=clippy::flat_map_option' '--warn=clippy::filter_map_next' '--warn=clippy::explicit_iter_loop' '--warn=clippy::explicit_into_iter_loop' --warn=elided_lifetimes_in_paths '--warn=clippy::dbg_macro' '--warn=clippy::checked_conversions' '--warn=rustdoc::broken_intra_doc_links' '--warn=rustdoc::bare_urls' --cfg 'feature="abi3"' --cfg 'feature="abi3-py310"' --cfg 'feature="abi3-py311"' --cfg 'feature="abi3-py312"' --cfg 'feature="abi3-py313"' --cfg 'feature="abi3-py314"' --cfg 'feature="default"' --cfg 'feature="macros"' --cfg 'feature="pyo3-macros"' --check-cfg 'cfg(docsrs,test)' --check-cfg 'cfg(feature, values("abi3", "abi3-py310", "abi3-py311", "abi3-py312", "abi3-py313", "abi3-py314", "abi3-py37", "abi3-py38", "abi3-py39", "anyhow", "arc_lock", "auto-initialize", "bigdecimal", "bytes", "chrono", "chrono-local", "chrono-tz", "default", "either", "experimental-async", "experimental-inspect", "extension-module", "eyre", "full", "generate-import-lib", "hashbrown", "indexmap", "inventory", "jiff-02", "lock_api", "macros", "multiple-pymethods", "nightly", "num-bigint", "num-complex", "num-rational", "ordered-float", "parking_lot", "py-clone", "pyo3-macros", "rust_decimal", "serde", "smallvec", "time", "uuid"))' -C metadata=cccb2e8aa1000c6b -C extra-filename=-a2a98bd93c714278 --out-dir /home/nccu/Documents/.homejupyter/QC_atNCTS/qurry/target/debug/deps -L dependency=/home/nccu/Documents/.homejupyter/QC_atNCTS/qurry/target/debug/deps --extern libc=/home/nccu/Documents/.homejupyter/QC_atNCTS/qurry/target/debug/deps/liblibc-13da9567e4bf82a2.rmeta --extern once_cell=/home/nccu/Documents/.homejupyter/QC_atNCTS/qurry/target/debug/deps/libonce_cell-f5f00a1259dc72aa.rmeta --extern pyo3_ffi=/home/nccu/Documents/.homejupyter/QC_atNCTS/qurry/target/debug/deps/libpyo3_ffi-28e1e6416f02ea48.rmeta --extern pyo3_macros=/home/nccu/Documents/.homejupyter/QC_atNCTS/qurry/target/debug/deps/libpyo3_macros-51e37790fcce2af1.so --cap-lints allow -L native=/usr/lib/x86_64-linux-gnu --cfg Py_3_7 --cfg Py_3_8 --cfg Py_3_9 --cfg Py_3_10 --cfg Py_LIMITED_API --cfg fn_ptr_eq --cfg from_bytes_with_nul_error --check-cfg 'cfg(Py_LIMITED_API)' --check-cfg 'cfg(Py_GIL_DISABLED)' --check-cfg 'cfg(PyPy)' --check-cfg 'cfg(GraalPy)' --check-cfg 'cfg(py_sys_config, values("Py_DEBUG", "Py_REF_DEBUG", "Py_TRACE_REFS", "COUNT_ALLOCS"))' --check-cfg 'cfg(pyo3_disable_reference_pool)' --check-cfg 'cfg(pyo3_leak_on_drop_without_reference_pool)' --check-cfg 'cfg(Py_3_7)' --check-cfg 'cfg(Py_3_8)' --check-cfg 'cfg(Py_3_9)' --check-cfg 'cfg(Py_3_10)' --check-cfg 'cfg(Py_3_11)' --check-cfg 'cfg(Py_3_12)' --check-cfg 'cfg(Py_3_13)' --check-cfg 'cfg(Py_3_14)' --check-cfg 'cfg(Py_3_15)' --check-cfg 'cfg(fn_ptr_eq)' --check-cfg 'cfg(from_bytes_with_nul_error)'`
   Compiling qurry-boorust v1.0.0 (/home/nccu/Documents/.homejupyter/QC_atNCTS/qurry/crates/boorust)
     Running `/home/nccu/.rustup/toolchains/stable-x86_64-unknown-linux-gnu/bin/rustc --crate-name qurry_boorust --edition=2021 crates/boorust/src/lib.rs --error-format=json --json=diagnostic-rendered-ansi,artifacts,future-incompat --crate-type lib --emit=dep-info,metadata,link -C embed-bitcode=no -C debuginfo=2 --check-cfg 'cfg(docsrs,test)' --check-cfg 'cfg(feature, values())' -C metadata=b44c76ef2fa93ad7 -C extra-filename=-2726ce7dbebaeb64 --out-dir /home/nccu/Documents/.homejupyter/QC_atNCTS/qurry/target/debug/deps -C incremental=/home/nccu/Documents/.homejupyter/QC_atNCTS/qurry/target/debug/incremental -L dependency=/home/nccu/Documents/.homejupyter/QC_atNCTS/qurry/target/debug/deps --extern pyo3=/home/nccu/Documents/.homejupyter/QC_atNCTS/qurry/target/debug/deps/libpyo3-a2a98bd93c714278.rmeta --extern rand=/home/nccu/Documents/.homejupyter/QC_atNCTS/qurry/target/debug/deps/librand-13525a8c9ec32e17.rmeta --extern rayon=/home/nccu/Documents/.homejupyter/QC_atNCTS/qurry/target/debug/deps/librayon-2c9aad1faa3388d6.rmeta -L native=/usr/lib/x86_64-linux-gnu`
error[E0432]: unresolved import `rand::thread_rng`
 --> crates/boorust/src/tool.rs:5:12
  |
5 | use rand::{thread_rng, Rng};
  |            ^^^^^^^^^^ no `thread_rng` in the root

error[E0432]: unresolved import `dashmap`
 --> crates/boorust/src/tool.rs:1:5
  |
1 | use dashmap::DashMap;
  |     ^^^^^^^ use of unresolved module or unlinked crate `dashmap`
  |
  = help: if you wanted to use a crate named `dashmap`, use `cargo add dashmap` to add it to your `Cargo.toml`

error[E0425]: cannot find function `thread_rng` in crate `rand`
  --> crates/boorust/src/tool.rs:87:25
   |
87 |     let mut rng = rand::thread_rng();
   |                         ^^^^^^^^^^ not found in `rand`

error[E0425]: cannot find function `thread_rng` in crate `rand`
  --> crates/boorust/src/tool.rs:95:18
   |
95 |         if rand::thread_rng().gen::<bool>() {
   |                  ^^^^^^^^^^ not found in `rand`

error[E0425]: cannot find function `thread_rng` in crate `rand`
   --> crates/boorust/src/tool.rs:119:37
    |
119 |                 let mut rng = rand::thread_rng();
    |                                     ^^^^^^^^^^ not found in `rand`

error[E0425]: cannot find function `thread_rng` in crate `rand`
   --> crates/boorust/src/tool.rs:140:33
    |
140 |             let mut rng = rand::thread_rng();
    |                                 ^^^^^^^^^^ not found in `rand`

warning: unused import: `Rng`
 --> crates/boorust/src/tool.rs:5:24
  |
5 | use rand::{thread_rng, Rng};
  |                        ^^^
  |
  = note: `#[warn(unused_imports)]` (part of `#[warn(unused)]`) on by default

Some errors have detailed explanations: E0425, E0432.
For more information about an error, try `rustc --explain E0425`.
warning: `qurry-boorust` (lib) generated 1 warning
error: could not compile `qurry-boorust` (lib) due to 6 previous errors; 1 warning emitted

Caused by:
  process didn't exit successfully: `/home/nccu/.rustup/toolchains/stable-x86_64-unknown-linux-gnu/bin/rustc --crate-name qurry_boorust --edition=2021 crates/boorust/src/lib.rs --error-format=json --json=diagnostic-rendered-ansi,artifacts,future-incompat --crate-type lib --emit=dep-info,metadata,link -C embed-bitcode=no -C debuginfo=2 --check-cfg 'cfg(docsrs,test)' --check-cfg 'cfg(feature, values())' -C metadata=b44c76ef2fa93ad7 -C extra-filename=-2726ce7dbebaeb64 --out-dir /home/nccu/Documents/.homejupyter/QC_atNCTS/qurry/target/debug/deps -C incremental=/home/nccu/Documents/.homejupyter/QC_atNCTS/qurry/target/debug/incremental -L dependency=/home/nccu/Documents/.homejupyter/QC_atNCTS/qurry/target/debug/deps --extern pyo3=/home/nccu/Documents/.homejupyter/QC_atNCTS/qurry/target/debug/deps/libpyo3-a2a98bd93c714278.rmeta --extern rand=/home/nccu/Documents/.homejupyter/QC_atNCTS/qurry/target/debug/deps/librand-13525a8c9ec32e17.rmeta --extern rayon=/home/nccu/Documents/.homejupyter/QC_atNCTS/qurry/target/debug/deps/librayon-2c9aad1faa3388d6.rmeta -L native=/usr/lib/x86_64-linux-gnu` (exit status: 1)
warning: virtual workspace defaulting to `resolver = "1"` despite one or more workspace members being on edition 2021 which implies `resolver = "2"`
  |
  = note: to keep the current resolver, specify `workspace.resolver = "1"` in the workspace root's manifest
  = note: to use the edition 2021 resolver, specify `workspace.resolver = "2"` in the workspace root's manifest
  = note: for more details see https://doc.rust-lang.org/cargo/reference/resolver.html#resolver-versions
    Blocking waiting for file lock on package cache
    Updating crates.io index
error: failed to select a version for the requirement `dashmap = "^7.0.0"`
candidate versions found which didn't match: 7.0.0-rc2, 7.0.0-rc1, 7.0.0-rc0, ...
location searched: crates.io index
required by package `qurry-boorust v1.0.0 (/home/nccu/Documents/.homejupyter/QC_atNCTS/qurry/crates/boorust)`
if you are looking for the prerelease package it needs to be specified explicitly
    dashmap = { version = "7.0.0-rc2" }
